TAP version 13
# Subtest: community private tables RLS deny anonymous/member reads and writes; no new definer
ok 1 - community private tables RLS deny anonymous/member reads and writes; no new definer
  ---
  duration_ms: 4676.3848
  ...
# Subtest: unknown provider classification, promotions and historical/demo records cannot be promoted
ok 2 - unknown provider classification, promotions and historical/demo records cannot be promoted
  ---
  duration_ms: 132.829
  ...
# Subtest: atomic submission locks exact quote, rejects inflated odds/cross-user, stamps server time and stays immutable
ok 3 - atomic submission locks exact quote, rejects inflated odds/cross-user, stamps server time and stays immutable
  ---
  duration_ms: 148.0012
  ...
# Subtest: newer price observation invalidates older confirmation; stale and cutoff quotes rejected
ok 4 - newer price observation invalidates older confirmation; stale and cutoff quotes rejected
  ---
  duration_ms: 83.1395
  ...
# Subtest: latest policy and 21+ restriction cannot be bypassed with an older 18+ approval
ok 5 - latest policy and 21+ restriction cannot be bypassed with an older 18+ approval
  ---
  duration_ms: 40.1186
  ...
# Subtest: canonical records survive social tombstone, private identity and blocking
ok 6 - canonical records survive social tombstone, private identity and blocking
  ---
  duration_ms: 63.6092
  ...
# Subtest: authorized results only, no silent correction, finite scores, append-only approval revocation
ok 7 - authorized results only, no silent correction, finite scores, append-only approval revocation
  ---
  duration_ms: 127.5597
  ...
# Subtest: integrity status cannot be self-cleared; account deletion retains pseudonymous complete ledger
ok 8 - integrity status cannot be self-cleared; account deletion retains pseudonymous complete ledger
  ---
  duration_ms: 81.0972
  ...
# Subtest: leaderboard milestone queue requires a comparable prior immutable snapshot and remains private
ok 9 - leaderboard milestone queue requires a comparable prior immutable snapshot and remains private
  ---
  duration_ms: 26.1604
  ...
# Subtest: real recognition SQL excludes banned authors and banned/reported/young-style ineligible actor projections
not ok 10 - real recognition SQL excludes banned authors and banned/reported/young-style ineligible actor projections
  ---
  duration_ms: 4131.8005
  location: 'C:\\Users\\61412\\Documents\\ChatGPT\\Docked.com.au\\tests\\database\\community-recognition.test.ts:174:1'
  failureType: 'testCodeFailure'
  error: 'tx.unsafe is not a function'
  code: 'ERR_TEST_FAILURE'
  name: 'TypeError'
  stack: |-
    recognitionInputs ([isolated bundled test module]:2267:15)
    TestContext.<anonymous> (C:\Users\61412\Documents\ChatGPT\Docked.com.au\tests\database\community-recognition.test.ts:175:26)
    Test.runInAsyncScope (node:async_hooks:211:14)
    Test.run (node:internal/test_runner/test:979:25)
    async startSubtestAfterBootstrap (node:internal/test_runner/harness:296:3)
  ...
# Subtest: real recognition SQL excludes missing/demo source evidence from discovery and sample counts
not ok 11 - real recognition SQL excludes missing/demo source evidence from discovery and sample counts
  ---
  duration_ms: 10.8216
  location: 'C:\\Users\\61412\\Documents\\ChatGPT\\Docked.com.au\\tests\\database\\community-recognition.test.ts:201:1'
  failureType: 'testCodeFailure'
  error: 'tx.unsafe is not a function'
  code: 'ERR_TEST_FAILURE'
  name: 'TypeError'
  stack: |-
    recognitionInputs ([isolated bundled test module]:2267:15)
    TestContext.<anonymous> (C:\Users\61412\Documents\ChatGPT\Docked.com.au\tests\database\community-recognition.test.ts:207:25)
    async Test.run (node:internal/test_runner/test:980:9)
    async Test.processPendingSubtests (node:internal/test_runner/test:677:7)
  ...
# Subtest: real recognition SQL withholds blocked authors, rejects moderation/promotion, and keeps global winner input
not ok 12 - real recognition SQL withholds blocked authors, rejects moderation/promotion, and keeps global winner input
  ---
  duration_ms: 3.7752
  location: 'C:\\Users\\61412\\Documents\\ChatGPT\\Docked.com.au\\tests\\database\\community-recognition.test.ts:218:1'
  failureType: 'testCodeFailure'
  error: 'tx.unsafe is not a function'
  code: 'ERR_TEST_FAILURE'
  name: 'TypeError'
  stack: |-
    recognitionInputs ([isolated bundled test module]:2267:15)
    TestContext.<anonymous> (C:\Users\61412\Documents\ChatGPT\Docked.com.au\tests\database\community-recognition.test.ts:225:24)
    async Test.run (node:internal/test_runner/test:980:9)
    async Test.processPendingSubtests (node:internal/test_runner/test:677:7)
  ...
# Subtest: all social rows and private helpers deny direct anonymous/member access even with staff claims
ok 13 - all social rows and private helpers deny direct anonymous/member access even with staff claims
  ---
  duration_ms: 4620.3344
  ...
# Subtest: official identity and durable ownership cannot be forged or deleted
ok 14 - official identity and durable ownership cannot be forged or deleted
  ---
  duration_ms: 25.8294
  ...
# Subtest: trusted actor requires matching live session and most recent eligible 18+ policy
ok 15 - trusted actor requires matching live session and most recent eligible 18+ policy
  ---
  duration_ms: 31.2399
  ...
# Subtest: private profiles and both directions of blocking hide social posts without deleting them
ok 16 - private profiles and both directions of blocking hide social posts without deleting them
  ---
  duration_ms: 24.6215
  ...
# Subtest: post access and queued delivery evaluate the actual recipient under the latest feature policy
ok 17 - post access and queued delivery evaluate the actual recipient under the latest feature policy
  ---
  duration_ms: 30.8169
  ...
# Subtest: post fanout jobs are atomic, durable and deduplicated with the originating post
ok 18 - post fanout jobs are atomic, durable and deduplicated with the originating post
  ---
  duration_ms: 10.2916
  ...
# Subtest: social post identity and ledger link cannot be rewritten; removals use tombstones
ok 19 - social post identity and ledger link cannot be rewritten; removals use tombstones
  ---
  duration_ms: 7.7389
  ...
# Subtest: private media requires manual approval and matching owner before attachment
ok 20 - private media requires manual approval and matching owner before attachment
  ---
  duration_ms: 19.5237
  ...
# Subtest: thread parent must belong to the same post and depth is bounded
ok 21 - thread parent must belong to the same post and depth is bounded
  ---
  duration_ms: 14.9835
  ...
# Subtest: notification settings are private, email/push cannot activate and recipient ownership is enforced by revoked writes
ok 22 - notification settings are private, email/push cannot activate and recipient ownership is enforced by revoked writes
  ---
  duration_ms: 5.2925
  ...
# Subtest: account erasure purges personal social content but preserves durable referenced records and the other member
ok 23 - account erasure purges personal social content but preserves durable referenced records and the other member
  ---
  duration_ms: 40.1311
  ...
# Subtest: scanner and current-data tables deny browser reads, writes, escalation and helper execution
ok 24 - scanner and current-data tables deny browser reads, writes, escalation and helper execution
  ---
  duration_ms: 7115.4195
  ...
# Subtest: staff writes require current actual MFA; analyst cannot manage and auditor cannot mutate
ok 25 - staff writes require current actual MFA; analyst cannot manage and auditor cannot mutate
  ---
  duration_ms: 34.7598
  ...
# Subtest: candidate uses canonical probability, immutable model evidence and real worker lease; retries cannot duplicate
ok 26 - candidate uses canonical probability, immutable model evidence and real worker lease; retries cannot duplicate
  ---
  duration_ms: 320.5988
  ...
# Subtest: research approval remains private and immutable; it cannot create paper/live publications
ok 27 - research approval remains private and immutable; it cannot create paper/live publications
  ---
  duration_ms: 108.0321
  ...
# Subtest: approval rechecks provider outage and regional feature revocation, without discarding the candidate
ok 28 - approval rechecks provider outage and regional feature revocation, without discarding the candidate
  ---
  duration_ms: 104.2865
  ...
# Subtest: new audit hash format matches SQL for exponent numbers, mixed-case and Unicode keys without rewriting legacy hashes
ok 29 - new audit hash format matches SQL for exponent numbers, mixed-case and Unicode keys without rewriting legacy hashes
  ---
  duration_ms: 7.4844
  ...
# Subtest: licensed current-data receipts and canonical mappings are guarded, immutable and purge after expiry even when disabled
ok 30 - licensed current-data receipts and canonical mappings are guarded, immutable and purge after expiry even when disabled
  ---
  duration_ms: 2366.3109
  ...
# Subtest: actual operational queries distinguish outage, mapping spike, review queue and missing results ingestion
ok 31 - actual operational queries distinguish outage, mapping spike, review queue and missing results ingestion
  ---
  duration_ms: 14.9085
  ...
# Subtest: banned staff and revoked originating sessions cannot mutate or resume a queued manual scan
ok 32 - banned staff and revoked originating sessions cannot mutate or resume a queued manual scan
  ---
  duration_ms: 93.9115
  ...
# Subtest: rollback helper uses typed JSON parameters and rolls every fixture back
ok 33 - rollback helper uses typed JSON parameters and rolls every fixture back
  ---
  duration_ms: 7705.9412
  ...
# Subtest: reference tables have RLS and no browser data/function access
ok 34 - reference tables have RLS and no browser data/function access
  ---
  duration_ms: 10923.9992
  ...
# Subtest: server lower median is immutable; price overrides and provider outage fail closed
ok 35 - server lower median is immutable; price overrides and provider outage fail closed
  ---
  duration_ms: 533.3941
  ...
# Subtest: community benchmark is server controlled; personal promotional odds cannot change accounting; legacy retains original version
ok 36 - community benchmark is server controlled; personal promotional odds cannot change accounting; legacy retains original version
  ---
  duration_ms: 362.5862
  ...
# Subtest: official publication freezes reference and cannot reactivate after suspension
ok 37 - official publication freezes reference and cannot reactivate after suspension
  ---
  duration_ms: 319.8525
  ...
# Subtest: reference evidence hashes and immutable methodology versions cannot be relabelled
ok 38 - reference evidence hashes and immutable methodology versions cannot be relabelled
  ---
  duration_ms: 400.5992
  ...
# Subtest: invented probability with an empty pricing cohort is rejected before publication
ok 39 - invented probability with an empty pricing cohort is rejected before publication
  ---
  duration_ms: 143.2516
  ...
# Subtest: missing required market-rule scalars cannot exploit SQL NULL semantics
ok 40 - missing required market-rule scalars cannot exploit SQL NULL semantics
  ---
  duration_ms: 276.0254
  ...
# Subtest: suspended authors keep canonical benchmarks while their optional social price claims are hidden
ok 41 - suspended authors keep canonical benchmarks while their optional social price claims are hidden
  ---
  duration_ms: 273.0555
  ...
# Subtest: account erasure removes personal promotional claims while retaining benchmark ledger
ok 42 - account erasure removes personal promotional claims while retaining benchmark ledger
  ---
  duration_ms: 285.8637
  ...
# Subtest: ordered migrations leave all new tables RLS protected and no public private-payload grants
ok 43 - ordered migrations leave all new tables RLS protected and no public private-payload grants
  ---
  duration_ms: 12278.3081
  ...
# Subtest: anonymous denied; active members only see own rows and cannot forge another session
ok 44 - anonymous denied; active members only see own rows and cannot forge another session
  ---
  duration_ms: 97.7046
  ...
# Subtest: staff metadata does not grant direct SQL mutation or provider payload access to authenticated role
ok 45 - staff metadata does not grant direct SQL mutation or provider payload access to authenticated role
  ---
  duration_ms: 143.3636
  ...
# Subtest: disabled profile and revoked or expired session block every member Data API table
ok 46 - disabled profile and revoked or expired session block every member Data API table
  ---
  duration_ms: 54.3986
  ...
# Subtest: strategy lifecycle disallows skipped states, unauthorised actors, fixture validation and unreviewed direct updates
ok 47 - strategy lifecycle disallows skipped states, unauthorised actors, fixture validation and unreviewed direct updates
  ---
  duration_ms: 90.9727
  ...
# Subtest: paper publication is pre-event immutable and never creates public notification outbox
ok 48 - paper publication is pre-event immutable and never creates public notification outbox
  ---
  duration_ms: 56.9082
  ...
# Subtest: mismatched candidate event and malformed EV fail closed
ok 49 - mismatched candidate event and malformed EV fail closed
  ---
  duration_ms: 14.8219
  ...
# Subtest: correction cannot link settlements from different publications or rewrite original outcome
ok 50 - correction cannot link settlements from different publications or rewrite original outcome
  ---
  duration_ms: 54.6297
  ...
# Subtest: account disable atomically revokes access, scrubs mutable personal records and queues idempotent erasure
ok 51 - account disable atomically revokes access, scrubs mutable personal records and queues idempotent erasure
  ---
  duration_ms: 55.9694
  ...
# Subtest: candidate and observation evidence cannot be silently rewritten or removed
ok 52 - candidate and observation evidence cannot be silently rewritten or removed
  ---
  duration_ms: 14.2722
  ...
# Subtest: Phase 2 backup restores session policies and immutable strategy/paper evidence
ok 53 - Phase 2 backup restores session policies and immutable strategy/paper evidence
  ---
  duration_ms: 9092.7824
  ...
# Subtest: quota reservations survive external failure and preserve unknown balances
ok 54 - quota reservations survive external failure and preserve unknown balances
  ---
  duration_ms: 23.5099
  ...
# Subtest: policy renewal preserves that jurisdiction's historical publications while restrictions still fail closed
ok 55 - policy renewal preserves that jurisdiction's historical publications while restrictions still fail closed
  ---
  duration_ms: 19.7996
  ...
# Subtest: as-of reports retain the earlier loss when a later correction was unavailable at report cutoff
ok 56 - as-of reports retain the earlier loss when a later correction was unavailable at report cutoff
  ---
  duration_ms: 8.6267
  ...
# Subtest: completion analytics cannot double count repeated or concurrent callbacks
ok 57 - completion analytics cannot double count repeated or concurrent callbacks
  ---
  duration_ms: 14.4687
  ...
# Subtest: research sensitivity settings cannot freeze below the release floor or outside the release odds range
ok 58 - research sensitivity settings cannot freeze below the release floor or outside the release odds range
  ---
  duration_ms: 90.9703
  ...
# Subtest: repeating signup for an unconfirmed existing profile cannot append or flip initial consent
ok 59 - repeating signup for an unconfirmed existing profile cannot append or flip initial consent
  ---
  duration_ms: 35.1518
  ...
# Subtest: commercial tables have RLS, no direct API grants, no card or subscription activation
ok 60 - commercial tables have RLS, no direct API grants, no card or subscription activation
  ---
  duration_ms: 8611.4419
  ...
# Subtest: competition drafts are audited, frozen append-only, and cannot produce rankings or awards
ok 61 - competition drafts are audited, frozen append-only, and cannot produce rankings or awards
  ---
  duration_ms: 51.3665
  ...
# Subtest: deal drafts retain disclosure and audit and cannot become active through direct SQL
ok 62 - deal drafts retain disclosure and audit and cannot become active through direct SQL
  ---
  duration_ms: 23.0764
  ...
# Subtest: actual acquisition projection excludes retained operator and synthetic seeds without changing their identity metadata
ok 63 - actual acquisition projection excludes retained operator and synthetic seeds without changing their identity metadata
  ---
  duration_ms: 8295.9272
  ...
# Subtest: capture is disabled by default and cannot be called through browser/service roles
ok 64 - capture is disabled by default and cannot be called through browser/service roles
  ---
  duration_ms: 9610.3813
  ...
# Subtest: only explicit active recipients capture; successful hook returns no credential data
ok 65 - only explicit active recipients capture; successful hook returns no credential data
  ---
  duration_ms: 103.1183
  ...
# Subtest: unknown, revoked, expired and non-reserved addresses fail closed
ok 66 - unknown, revoked, expired and non-reserved addresses fail closed
  ---
  duration_ms: 76.0304
  ...
# Subtest: redirect, site, action, email-change and payload bounds reject without storing anything
ok 67 - redirect, site, action, email-change and payload bounds reject without storing anything
  ---
  duration_ms: 134.5429
  ...
# Subtest: capture RLS rejects direct out-of-allowlist inserts and owner purge erases expired/revoked credentials
ok 68 - capture RLS rejects direct out-of-allowlist inserts and owner purge erases expired/revoked credentials
  ---
  duration_ms: 48.4719
  ...
# Subtest: all capture tables enable RLS, hook remains invoker and read-only preflight parses without Auth rows
ok 69 - all capture tables enable RLS, hook remains invoker and read-only preflight parses without Auth rows
  ---
  duration_ms: 224.673
  ...
# Subtest: GoTrue PKCE hashes retain the prefix and enforce the complete hexadecimal length bound
ok 70 - GoTrue PKCE hashes retain the prefix and enforce the complete hexadecimal length bound
  ---
  duration_ms: 56.6179
  ...
# Subtest: diagnostic upgrade emits only static field identifiers and preserves denied values privately
ok 71 - diagnostic upgrade emits only static field identifiers and preserves denied values privately
  ---
  duration_ms: 103.9121
  ...
# Subtest: application query needs a real capture row, not only enabled configuration or proof ID
ok 72 - application query needs a real capture row, not only enabled configuration or proof ID
  ---
  duration_ms: 8956.4323
  ...
# Subtest: live hook definition changes, revoked proof and expired configuration immediately close app authorization
ok 73 - live hook definition changes, revoked proof and expired configuration immediately close app authorization
  ---
  duration_ms: 113.7311
  ...
# Subtest: capabilities require an explicit grant, legal acceptance and privacy; genuine features never unlock
ok 74 - capabilities require an explicit grant, legal acceptance and privacy; genuine features never unlock
  ---
  duration_ms: 15031.4563
  ...
# Subtest: wrong project, no session, caller metadata and revoked grants cannot authorize
ok 75 - wrong project, no session, caller metadata and revoked grants cannot authorize
  ---
  duration_ms: 41.4127
  ...
# Subtest: capability arrays cannot smuggle genuine permissions or mutate an existing grant
ok 76 - capability arrays cannot smuggle genuine permissions or mutate an existing grant
  ---
  duration_ms: 32.7732
  ...
# Subtest: invitation reservation is one-use and identity-bound; redemption removes credential hashes
ok 77 - invitation reservation is one-use and identity-bound; redemption removes credential hashes
  ---
  duration_ms: 411.0891
  ...
# Subtest: revoked invitation cannot reserve or reveal retained token/email hash
ok 78 - revoked invitation cannot reserve or reveal retained token/email hash
  ---
  duration_ms: 200.1986
  ...
# Subtest: wall-clock expiry rejects reservation and capability inside an earlier transaction
ok 79 - wall-clock expiry rejects reservation and capability inside an earlier transaction
  ---
  duration_ms: 171.2469
  ...
# Subtest: private tables are RLS-enabled with no browser read/write/function privilege
ok 80 - private tables are RLS-enabled with no browser read/write/function privilege
  ---
  duration_ms: 43.0145
  ...
# Subtest: administrator operations require actual private role plus MFA, not metadata
ok 81 - administrator operations require actual private role plus MFA, not metadata
  ---
  duration_ms: 25.8904
  ...
# Subtest: erasure clears personal onboarding/grants and invitation FK even outside preview context
ok 82 - erasure clears personal onboarding/grants and invitation FK even outside preview context
  ---
  duration_ms: 108.7535
  ...
# Subtest: preview grant allows exact account through the actual app query and SQL actor, not same-region peers
ok 83 - preview grant allows exact account through the actual app query and SQL actor, not same-region peers
  ---
  duration_ms: 8721.965
  ...
# Subtest: preview grant fails closed without exact trusted hosted context or live same-user session
ok 84 - preview grant fails closed without exact trusted hosted context or live same-user session
  ---
  duration_ms: 61.0204
  ...
# Subtest: tips, Edge accounting, leaderboards, marketing and commercial privileges never derive from a tester grant
ok 85 - tips, Edge accounting, leaderboards, marketing and commercial privileges never derive from a tester grant
  ---
  duration_ms: 61.6843
  ...
# Subtest: expiry, revocation, policy withdrawal and account revocation immediately deny preview access
ok 86 - expiry, revocation, policy withdrawal and account revocation immediately deny preview access
  ---
  duration_ms: 88.2037
  ...
# Subtest: ordinary reviewed jurisdiction approvals retain their existing behavior without preview context
ok 87 - ordinary reviewed jurisdiction approvals retain their existing behavior without preview context
  ---
  duration_ms: 18.7439
  ...
# Subtest: preview marker and grant constraints prevent scope broadening or mutable enrollment
ok 88 - preview marker and grant constraints prevent scope broadening or mutable enrollment
  ---
  duration_ms: 41.0665
  ...
# Subtest: browser roles cannot enumerate or self-enroll, even with forged preview/admin metadata and GUC
ok 89 - browser roles cannot enumerate or self-enroll, even with forged preview/admin metadata and GUC
  ---
  duration_ms: 30.9972
  ...
# Subtest: hard deletion removes tester identity mapping while retaining minimal grant audit
ok 90 - hard deletion removes tester identity mapping while retaining minimal grant audit
  ---
  duration_ms: 34.5209
  ...
# Subtest: session expiry uses wall clock even when transaction start remains before expiry
ok 91 - session expiry uses wall clock even when transaction start remains before expiry
  ---
  duration_ms: 230.8071
  ...
# Subtest: preview entries are immutable, audited and structurally absent from all real ledgers
ok 92 - preview entries are immutable, audited and structurally absent from all real ledgers
  ---
  duration_ms: 9530.3916
  ...
# Subtest: direct edits, deletes, duplicates, browser writes and cross-user reviews are rejected
ok 93 - direct edits, deletes, duplicates, browser writes and cross-user reviews are rejected
  ---
  duration_ms: 207.5783
  ...
# Subtest: wrong environment, revoked capability and tampered or current-labelled evidence fail closed
ok 94 - wrong environment, revoked capability and tampered or current-labelled evidence fail closed
  ---
  duration_ms: 191.2548
  ...
# Subtest: account erasure retains immutable fixture evidence with only a pseudonymous owner
ok 95 - account erasure retains immutable fixture evidence with only a pseudonymous owner
  ---
  duration_ms: 214.9054
  ...
# Subtest: account export includes only own reviewed and submitted fixtures after capability revocation
ok 96 - account export includes only own reviewed and submitted fixtures after capability revocation
  ---
  duration_ms: 156.8224
  ...
# Subtest: production runtime starts without login, elevated attributes, ownership, memberships or permanent DDL
ok 97 - production runtime starts without login, elevated attributes, ownership, memberships or permanent DDL
  ---
  duration_ms: 9241.7482
  ...
# Subtest: browser table privileges remain unchanged and production server cannot read secrets/raw provider records
ok 98 - browser table privileges remain unchanged and production server cannot read secrets/raw provider records
  ---
  duration_ms: 90.6886
  ...
# Subtest: runtime cannot escalate roles or execute privileged helper paths
ok 99 - runtime cannot escalate roles or execute privileged helper paths
  ---
  duration_ms: 39.883
  ...
# Subtest: runtime cannot assign roles, approve regions, publish, settle, alter flags or edit immutable audit
ok 100 - runtime cannot assign roles, approve regions, publish, settle, alter flags or edit immutable audit
  ---
  duration_ms: 19.604
  ...
# Subtest: restricted runtime can create account consent/preferences without password visibility
ok 101 - restricted runtime can create account consent/preferences without password visibility
  ---
  duration_ms: 156.269
  ...
# Subtest: real actor/session and policy locks work while expired sessions are denied
ok 102 - real actor/session and policy locks work while expired sessions are denied
  ---
  duration_ms: 74.6048
  ...
# Subtest: ordinary social writes fan out durably but cannot impersonate official or ledger posts
ok 103 - ordinary social writes fan out durably but cannot impersonate official or ledger posts
  ---
  duration_ms: 32.0382
  ...
# Subtest: ordinary-region access rechecks wall-clock session expiry after authorization-row query waits
ok 104 - ordinary-region access rechecks wall-clock session expiry after authorization-row query waits
  ---
  duration_ms: 432.6836
  ...
# Subtest: runtime queues cannot activate scanner/provider/publication jobs or external delivery
ok 105 - runtime queues cannot activate scanner/provider/publication jobs or external delivery
  ---
  duration_ms: 20.569
  ...
# Subtest: maintenance leases only deletion jobs despite older unrelated work and expires only exhausted deletion leases
ok 106 - maintenance leases only deletion jobs despite older unrelated work and expires only exhausted deletion leases
  ---
  duration_ms: 57.6751
  ...
# Subtest: bounded retention works through restricted role without removing current inbox records
ok 107 - bounded retention works through restricted role without removing current inbox records
  ---
  duration_ms: 505.731
  ...
# Subtest: restricted runtime account revocation preserves immutable consent and pseudonymizes social history
ok 108 - restricted runtime account revocation preserves immutable consent and pseudonymizes social history
  ---
  duration_ms: 162.067
  ...
# Subtest: new signup persists exact separate approved policy versions and optional consents remain false
ok 109 - new signup persists exact separate approved policy versions and optional consents remain false
  ---
  duration_ms: 13615.1019
  ...
# Subtest: retrying signup cannot append consent or change an existing profile
ok 110 - retrying signup cannot append consent or change an existing profile
  ---
  duration_ms: 47.8546
  ...
# Subtest: a concurrent taken handle preserves account and legal evidence for username onboarding
ok 111 - a concurrent taken handle preserves account and legal evidence for username onboarding
  ---
  duration_ms: 98.0775
  ...
# Subtest: a historical handle race also preserves the new account without stealing the name
ok 112 - a historical handle race also preserves the new account without stealing the name
  ---
  duration_ms: 110.2205
  ...
# Subtest: other integrity errors are not disguised as username collisions
ok 113 - other integrity errors are not disguised as username collisions
  ---
  duration_ms: 71.895
  ...
# Subtest: every exposed table and private table has RLS
ok 114 - every exposed table and private table has RLS
  ---
  duration_ms: 6733.0394
  ...
# Subtest: member cannot read another profile or escalate own row
ok 115 - member cannot read another profile or escalate own row
  ---
  duration_ms: 27.7655
  ...
# Subtest: anonymous cannot access accounts or provider payloads
ok 116 - anonymous cannot access accounts or provider payloads
  ---
  duration_ms: 5.409
  ...
# Subtest: audit and launch evidence cannot be rewritten
ok 117 - audit and launch evidence cannot be rewritten
  ---
  duration_ms: 16.1122
  ...
# Subtest: outbox deduplication and lease recovery
ok 118 - outbox deduplication and lease recovery
  ---
  duration_ms: 17.7993
  ...
# Subtest: frozen strategy config cannot be changed
ok 119 - frozen strategy config cannot be changed
  ---
  duration_ms: 9.4627
  ...
# Subtest: migration matches canonical schema
ok 120 - migration matches canonical schema
  ---
  duration_ms: 18.6403
  ...
# Subtest: publication lifecycle enforces pre-start, immutable ledger, atomic outbox, withdrawal and settlement idempotency
ok 121 - publication lifecycle enforces pre-start, immutable ledger, atomic outbox, withdrawal and settlement idempotency
  ---
  duration_ms: 65.2115
  ...
# Subtest: backup restores local immutable evidence and policy schema
ok 122 - backup restores local immutable evidence and policy schema
  ---
  duration_ms: 2461.6026
  ...
# Subtest: single-connection action consumes durable quota before transaction and retains rejected attempts
ok 123 - single-connection action consumes durable quota before transaction and retains rejected attempts
  ---
  duration_ms: 6142.117
  ...
# Subtest: scoped normal leasing touches only the requested queued notification and preserves ordinary leasing
ok 124 - scoped normal leasing touches only the requested queued notification and preserves ordinary leasing
  ---
  duration_ms: 7347.4732
  ...
# Subtest: normal preparation persists a stable hashed unsubscribe capability without delivery
ok 125 - normal preparation persists a stable hashed unsubscribe capability without delivery
  ---
  duration_ms: 27.1267
  ...
# Subtest: preparation cannot mint tokens for another user, wrong/expired lease, expired outbox or disabled member
ok 126 - preparation cannot mint tokens for another user, wrong/expired lease, expired outbox or disabled member
  ---
  duration_ms: 83.5675
  ...
1..126
# tests 126
# suites 0
# pass 123
# fail 3
# cancelled 0
# skipped 0
# todo 0
# duration_ms 236264.1456
